---
source: crates/stormchaser-tui/src/tests.rs
expression: terminal.backend()
---
TestBackend {
    buffer: Buffer {
        area: Rect { x: 0, y: 0, width: 80, height: 24 },
        content: [
            "                                                                                ",
            "                                                                                ",
            "  ┌Runs─────────────────┐┌Run Overview───────────────────────────────────────┐  ",
            "  │                     ││Select a run to see details                        │  ",
            "  │                     ││                                                   │  ",
            "  │                     ││                                                   │  ",
            "  │                     ││                                                   │  ",
            "  │                     ││                                                   │  ",
            "  │                     ││                                                   │  ",
            "  │                     ││                                                   │  ",
            "  │                     ││                                                   │  ",
            "  │                     ││                                                   │  ",
            "  │                     ││                                                   │  ",
            "  │                     ││                                                   │  ",
            "  │                     ││                                                   │  ",
            "  │                     ││                                                   │  ",
            "  │                     ││                                                   │  ",
            "  │                     ││                                                   │  ",
            "  └─────────────────────┘└───────────────────────────────────────────────────┘  ",
            "  ┌──────────────────────────────────────────────────────────────────────────┐  ",
            "  │Panes: Tab/h/l | Nav: j/k | Scroll: [/]/PgUp/PgDn | Auto: 'a' | Filter: f │  ",
            "  └──────────────────────────────────────────────────────────────────────────┘  ",
            "                                                                                ",
            "                                                                                ",
        ],
        styles: [
            x: 0, y: 0, fg: Reset, bg: Reset, underline: Reset, modifier: NONE,
            x: 2, y: 2, fg: Yellow, bg: Reset, underline: Reset, modifier: NONE,
            x: 25, y: 2, fg: Reset, bg: Reset, underline: Reset, modifier: NONE,
            x: 2, y: 3, fg: Yellow, bg: Reset, underline: Reset, modifier: NONE,
            x: 3, y: 3, fg: Reset, bg: Reset, underline: Reset, modifier: NONE,
            x: 24, y: 3, fg: Yellow, bg: Reset, underline: Reset, modifier: NONE,
            x: 25, y: 3, fg: Reset, bg: Reset, underline: Reset, modifier: NONE,
            x: 2, y: 4, fg: Yellow, bg: Reset, underline: Reset, modifier: NONE,
            x: 3, y: 4, fg: Reset, bg: Reset, underline: Reset, modifier: NONE,
            x: 24, y: 4, fg: Yellow, bg: Reset, underline: Reset, modifier: NONE,
            x: 25, y: 4, fg: Reset, bg: Reset, underline: Reset, modifier: NONE,
            x: 2, y: 5, fg: Yellow, bg: Reset, underline: Reset, modifier: NONE,
            x: 3, y: 5, fg: Reset, bg: Reset, underline: Reset, modifier: NONE,
            x: 24, y: 5, fg: Yellow, bg: Reset, underline: Reset, modifier: NONE,
            x: 25, y: 5, fg: Reset, bg: Reset, underline: Reset, modifier: NONE,
            x: 2, y: 6, fg: Yellow, bg: Reset, underline: Reset, modifier: NONE,
            x: 3, y: 6, fg: Reset, bg: Reset, underline: Reset, modifier: NONE,
            x: 24, y: 6, fg: Yellow, bg: Reset, underline: Reset, modifier: NONE,
            x: 25, y: 6, fg: Reset, bg: Reset, underline: Reset, modifier: NONE,
            x: 2, y: 7, fg: Yellow, bg: Reset, underline: Reset, modifier: NONE,
            x: 3, y: 7, fg: Reset, bg: Reset, underline: Reset, modifier: NONE,
            x: 24, y: 7, fg: Yellow, bg: Reset, underline: Reset, modifier: NONE,
            x: 25, y: 7, fg: Reset, bg: Reset, underline: Reset, modifier: NONE,
            x: 2, y: 8, fg: Yellow, bg: Reset, underline: Reset, modifier: NONE,
            x: 3, y: 8, fg: Reset, bg: Reset, underline: Reset, modifier: NONE,
            x: 24, y: 8, fg: Yellow, bg: Reset, underline: Reset, modifier: NONE,
            x: 25, y: 8, fg: Reset, bg: Reset, underline: Reset, modifier: NONE,
            x: 2, y: 9, fg: Yellow, bg: Reset, underline: Reset, modifier: NONE,
            x: 3, y: 9, fg: Reset, bg: Reset, underline: Reset, modifier: NONE,
            x: 24, y: 9, fg: Yellow, bg: Reset, underline: Reset, modifier: NONE,
            x: 25, y: 9, fg: Reset, bg: Reset, underline: Reset, modifier: NONE,
            x: 2, y: 10, fg: Yellow, bg: Reset, underline: Reset, modifier: NONE,
            x: 3, y: 10, fg: Reset, bg: Reset, underline: Reset, modifier: NONE,
            x: 24, y: 10, fg: Yellow, bg: Reset, underline: Reset, modifier: NONE,
            x: 25, y: 10, fg: Reset, bg: Reset, underline: Reset, modifier: NONE,
            x: 2, y: 11, fg: Yellow, bg: Reset, underline: Reset, modifier: NONE,
            x: 3, y: 11, fg: Reset, bg: Reset, underline: Reset, modifier: NONE,
            x: 24, y: 11, fg: Yellow, bg: Reset, underline: Reset, modifier: NONE,
            x: 25, y: 11, fg: Reset, bg: Reset, underline: Reset, modifier: NONE,
            x: 2, y: 12, fg: Yellow, bg: Reset, underline: Reset, modifier: NONE,
            x: 3, y: 12, fg: Reset, bg: Reset, underline: Reset, modifier: NONE,
            x: 24, y: 12, fg: Yellow, bg: Reset, underline: Reset, modifier: NONE,
            x: 25, y: 12, fg: Reset, bg: Reset, underline: Reset, modifier: NONE,
            x: 2, y: 13, fg: Yellow, bg: Reset, underline: Reset, modifier: NONE,
            x: 3, y: 13, fg: Reset, bg: Reset, underline: Reset, modifier: NONE,
            x: 24, y: 13, fg: Yellow, bg: Reset, underline: Reset, modifier: NONE,
            x: 25, y: 13, fg: Reset, bg: Reset, underline: Reset, modifier: NONE,
            x: 2, y: 14, fg: Yellow, bg: Reset, underline: Reset, modifier: NONE,
            x: 3, y: 14, fg: Reset, bg: Reset, underline: Reset, modifier: NONE,
            x: 24, y: 14, fg: Yellow, bg: Reset, underline: Reset, modifier: NONE,
            x: 25, y: 14, fg: Reset, bg: Reset, underline: Reset, modifier: NONE,
            x: 2, y: 15, fg: Yellow, bg: Reset, underline: Reset, modifier: NONE,
            x: 3, y: 15, fg: Reset, bg: Reset, underline: Reset, modifier: NONE,
            x: 24, y: 15, fg: Yellow, bg: Reset, underline: Reset, modifier: NONE,
            x: 25, y: 15, fg: Reset, bg: Reset, underline: Reset, modifier: NONE,
            x: 2, y: 16, fg: Yellow, bg: Reset, underline: Reset, modifier: NONE,
            x: 3, y: 16, fg: Reset, bg: Reset, underline: Reset, modifier: NONE,
            x: 24, y: 16, fg: Yellow, bg: Reset, underline: Reset, modifier: NONE,
            x: 25, y: 16, fg: Reset, bg: Reset, underline: Reset, modifier: NONE,
            x: 2, y: 17, fg: Yellow, bg: Reset, underline: Reset, modifier: NONE,
            x: 3, y: 17, fg: Reset, bg: Reset, underline: Reset, modifier: NONE,
            x: 24, y: 17, fg: Yellow, bg: Reset, underline: Reset, modifier: NONE,
            x: 25, y: 17, fg: Reset, bg: Reset, underline: Reset, modifier: NONE,
            x: 2, y: 18, fg: Yellow, bg: Reset, underline: Reset, modifier: NONE,
            x: 25, y: 18, fg: Reset, bg: Reset, underline: Reset, modifier: NONE,
            x: 2, y: 19, fg: White, bg: Reset, underline: Reset, modifier: NONE,
            x: 78, y: 19, fg: Reset, bg: Reset, underline: Reset, modifier: NONE,
            x: 2, y: 20, fg: White, bg: Reset, underline: Reset, modifier: NONE,
            x: 78, y: 20, fg: Reset, bg: Reset, underline: Reset, modifier: NONE,
            x: 2, y: 21, fg: White, bg: Reset, underline: Reset, modifier: NONE,
            x: 78, y: 21, fg: Reset, bg: Reset, underline: Reset, modifier: NONE,
        ]
    },
    scrollback: Buffer {
        area: Rect { x: 0, y: 0, width: 80, height: 0 }
    },
    cursor: false,
    pos: (
        0,
        0,
    ),
}
