---
source: crates/stormchaser-tui/src/tests.rs
expression: terminal.backend()
---
TestBackend {
    buffer: Buffer {
        area: Rect { x: 0, y: 0, width: 120, height: 60 },
        content: [
            "                                                                                                                        ",
            "                                                                                                                        ",
            "  ┌Runs─────────────────────────────┐┌Run Overview───────────────────────────────────────────────────────────────────┐  ",
            "  │>> test-workflow   | Succeeded   ││ID: 00000000-0000-0000-0000-000000000000                                       │  ",
            "  │                                 ││Workflow: test-workflow                                                        │  ",
            "  │                                 ││User: admin@paninfracon.net                                                    │  ",
            "  │                                 ││Status: Succeeded                                                              │  ",
            "  │                                 ││Created: 2026-04-22 07:00:00                                                   │  ",
            "  │                                 ││Finished: 2026-04-22 07:10:30 (Duration: 10m 30s)                              │  ",
            "  │                                 ││Detailed Timing: Started at 2026-04-22T12:00:00+00:00, Finished at 2026-04-22T1│  ",
            "  │                                 ││                                                                               │  ",
            "  │                                 ││Steps:                                                                         │  ",
            "  │                                 ││Name                 | Status          | Started                               │  ",
            "  │                                 ││---------------------|-----------------|-------------------------------        │  ",
            "  │                                 ││>> step-1            | Succeeded       (5m) | 2026-04-22 07:00:05              │  ",
            "  │                                 ││       └─ Detailed Timing: Started at 2026-04-22T12:00:05Z, Finished at 2026-04│  ",
            "  │                                 ││                                                                               │  ",
            "  │                                 ││Published Artifacts:                                                           │  ",
            "  │                                 ││Name                                     | Step Name                           │  ",
            "  │                                 ││-----------------------------------------|-------------------------------------│  ",
            "  │                                 ││test-artifact.zip                        | 11111111-1111-1111-1111-111111111111│  ",
            "  │                                 ││                                                                               │  ",
            "  │                                 ││                                                                               │  ",
            "  │                                 ││                                                                               │  ",
            "  │                                 ││                                                                               │  ",
            "  │                                 ││                                                                               │  ",
            "  │                                 ││                                                                               │  ",
            "  │                                 ││                                                                               │  ",
            "  │                                 │└───────────────────────────────────────────────────────────────────────────────┘  ",
            "  │                                 │┌ Live Logs (Auto-scroll: ON) ──────────────────────────────────────────────────┐  ",
            "  │                                 ││Starting step...                                                               │  ",
            "  │                                 ││                                                                               │  ",
            "  │                                 ││                                                                               │  ",
            "  │                                 ││                                                                               │  ",
            "  │                                 ││                                                                               │  ",
            "  │                                 ││                                                                               │  ",
            "  │                                 ││                                                                               │  ",
            "  │                                 ││                                                                               │  ",
            "  │                                 ││                                                                               │  ",
            "  │                                 ││                                                                               │  ",
            "  │                                 ││                                                                               │  ",
            "  │                                 ││                                                                               │  ",
            "  │                                 ││                                                                               │  ",
            "  │                                 ││                                                                               │  ",
            "  │                                 ││                                                                               │  ",
            "  │                                 ││                                                                               │  ",
            "  │                                 ││                                                                               │  ",
            "  │                                 ││                                                                               │  ",
            "  │                                 ││                                                                               │  ",
            "  │                                 ││                                                                               │  ",
            "  │                                 ││                                                                               │  ",
            "  │                                 ││                                                                               │  ",
            "  │                                 ││                                                                               │  ",
            "  │                                 ││                                                                               │  ",
            "  └─────────────────────────────────┘└───────────────────────────────────────────────────────────────────────────────┘  ",
            "  ┌──────────────────────────────────────────────────────────────────────────────────────────────────────────────────┐  ",
            "  │Panes: Tab/h/l | Nav: j/k | Scroll: [/]/PgUp/PgDn | Auto: 'a' | Filter: f | Quit: q                               │  ",
            "  └──────────────────────────────────────────────────────────────────────────────────────────────────────────────────┘  ",
            "                                                                                                                        ",
            "                                                                                                                        ",
        ],
        styles: [
            x: 0, y: 0, fg: Reset, bg: Reset, underline: Reset, modifier: NONE,
            x: 2, y: 2, fg: White, bg: Reset, underline: Reset, modifier: NONE,
            x: 37, y: 2, fg: Yellow, bg: Reset, underline: Reset, modifier: NONE,
            x: 118, y: 2, fg: Reset, bg: Reset, underline: Reset, modifier: NONE,
            x: 2, y: 3, fg: White, bg: Reset, underline: Reset, modifier: NONE,
            x: 3, y: 3, fg: Green, bg: DarkGray, underline: Reset, modifier: BOLD,
            x: 36, y: 3, fg: White, bg: Reset, underline: Reset, modifier: NONE,
            x: 37, y: 3, fg: Yellow, bg: Reset, underline: Reset, modifier: NONE,
            x: 38, y: 3, fg: Reset, bg: Reset, underline: Reset, modifier: NONE,
            x: 117, y: 3, fg: Yellow, bg: Reset, underline: Reset, modifier: NONE,
            x: 118, y: 3, fg: Reset, bg: Reset, underline: Reset, modifier: NONE,
            x: 2, y: 4, fg: White, bg: Reset, underline: Reset, modifier: NONE,
            x: 3, y: 4, fg: Reset, bg: Reset, underline: Reset, modifier: NONE,
            x: 36, y: 4, fg: White, bg: Reset, underline: Reset, modifier: NONE,
            x: 37, y: 4, fg: Yellow, bg: Reset, underline: Reset, modifier: NONE,
            x: 38, y: 4, fg: Reset, bg: Reset, underline: Reset, modifier: NONE,
            x: 117, y: 4, fg: Yellow, bg: Reset, underline: Reset, modifier: NONE,
            x: 118, y: 4, fg: Reset, bg: Reset, underline: Reset, modifier: NONE,
            x: 2, y: 5, fg: White, bg: Reset, underline: Reset, modifier: NONE,
            x: 3, y: 5, fg: Reset, bg: Reset, underline: Reset, modifier: NONE,
            x: 36, y: 5, fg: White, bg: Reset, underline: Reset, modifier: NONE,
            x: 37, y: 5, fg: Yellow, bg: Reset, underline: Reset, modifier: NONE,
            x: 38, y: 5, fg: Reset, bg: Reset, underline: Reset, modifier: NONE,
            x: 117, y: 5, fg: Yellow, bg: Reset, underline: Reset, modifier: NONE,
            x: 118, y: 5, fg: Reset, bg: Reset, underline: Reset, modifier: NONE,
            x: 2, y: 6, fg: White, bg: Reset, underline: Reset, modifier: NONE,
            x: 3, y: 6, fg: Reset, bg: Reset, underline: Reset, modifier: NONE,
            x: 36, y: 6, fg: White, bg: Reset, underline: Reset, modifier: NONE,
            x: 37, y: 6, fg: Yellow, bg: Reset, underline: Reset, modifier: NONE,
            x: 38, y: 6, fg: Reset, bg: Reset, underline: Reset, modifier: NONE,
            x: 117, y: 6, fg: Yellow, bg: Reset, underline: Reset, modifier: NONE,
            x: 118, y: 6, fg: Reset, bg: Reset, underline: Reset, modifier: NONE,
            x: 2, y: 7, fg: White, bg: Reset, underline: Reset, modifier: NONE,
            x: 3, y: 7, fg: Reset, bg: Reset, underline: Reset, modifier: NONE,
            x: 36, y: 7, fg: White, bg: Reset, underline: Reset, modifier: NONE,
            x: 37, y: 7, fg: Yellow, bg: Reset, underline: Reset, modifier: NONE,
            x: 38, y: 7, fg: Reset, bg: Reset, underline: Reset, modifier: NONE,
            x: 117, y: 7, fg: Yellow, bg: Reset, underline: Reset, modifier: NONE,
            x: 118, y: 7, fg: Reset, bg: Reset, underline: Reset, modifier: NONE,
            x: 2, y: 8, fg: White, bg: Reset, underline: Reset, modifier: NONE,
            x: 3, y: 8, fg: Reset, bg: Reset, underline: Reset, modifier: NONE,
            x: 36, y: 8, fg: White, bg: Reset, underline: Reset, modifier: NONE,
            x: 37, y: 8, fg: Yellow, bg: Reset, underline: Reset, modifier: NONE,
            x: 38, y: 8, fg: Reset, bg: Reset, underline: Reset, modifier: NONE,
            x: 117, y: 8, fg: Yellow, bg: Reset, underline: Reset, modifier: NONE,
            x: 118, y: 8, fg: Reset, bg: Reset, underline: Reset, modifier: NONE,
            x: 2, y: 9, fg: White, bg: Reset, underline: Reset, modifier: NONE,
            x: 3, y: 9, fg: Reset, bg: Reset, underline: Reset, modifier: NONE,
            x: 36, y: 9, fg: White, bg: Reset, underline: Reset, modifier: NONE,
            x: 37, y: 9, fg: Yellow, bg: Reset, underline: Reset, modifier: NONE,
            x: 38, y: 9, fg: Reset, bg: Reset, underline: Reset, modifier: NONE,
            x: 117, y: 9, fg: Yellow, bg: Reset, underline: Reset, modifier: NONE,
            x: 118, y: 9, fg: Reset, bg: Reset, underline: Reset, modifier: NONE,
            x: 2, y: 10, fg: White, bg: Reset, underline: Reset, modifier: NONE,
            x: 3, y: 10, fg: Reset, bg: Reset, underline: Reset, modifier: NONE,
            x: 36, y: 10, fg: White, bg: Reset, underline: Reset, modifier: NONE,
            x: 37, y: 10, fg: Yellow, bg: Reset, underline: Reset, modifier: NONE,
            x: 38, y: 10, fg: Reset, bg: Reset, underline: Reset, modifier: NONE,
            x: 117, y: 10, fg: Yellow, bg: Reset, underline: Reset, modifier: NONE,
            x: 118, y: 10, fg: Reset, bg: Reset, underline: Reset, modifier: NONE,
            x: 2, y: 11, fg: White, bg: Reset, underline: Reset, modifier: NONE,
            x: 3, y: 11, fg: Reset, bg: Reset, underline: Reset, modifier: NONE,
            x: 36, y: 11, fg: White, bg: Reset, underline: Reset, modifier: NONE,
            x: 37, y: 11, fg: Yellow, bg: Reset, underline: Reset, modifier: NONE,
            x: 38, y: 11, fg: Reset, bg: Reset, underline: Reset, modifier: NONE,
            x: 117, y: 11, fg: Yellow, bg: Reset, underline: Reset, modifier: NONE,
            x: 118, y: 11, fg: Reset, bg: Reset, underline: Reset, modifier: NONE,
            x: 2, y: 12, fg: White, bg: Reset, underline: Reset, modifier: NONE,
            x: 3, y: 12, fg: Reset, bg: Reset, underline: Reset, modifier: NONE,
            x: 36, y: 12, fg: White, bg: Reset, underline: Reset, modifier: NONE,
            x: 37, y: 12, fg: Yellow, bg: Reset, underline: Reset, modifier: NONE,
            x: 38, y: 12, fg: Reset, bg: Reset, underline: Reset, modifier: NONE,
            x: 117, y: 12, fg: Yellow, bg: Reset, underline: Reset, modifier: NONE,
            x: 118, y: 12, fg: Reset, bg: Reset, underline: Reset, modifier: NONE,
            x: 2, y: 13, fg: White, bg: Reset, underline: Reset, modifier: NONE,
            x: 3, y: 13, fg: Reset, bg: Reset, underline: Reset, modifier: NONE,
            x: 36, y: 13, fg: White, bg: Reset, underline: Reset, modifier: NONE,
            x: 37, y: 13, fg: Yellow, bg: Reset, underline: Reset, modifier: NONE,
            x: 38, y: 13, fg: Reset, bg: Reset, underline: Reset, modifier: NONE,
            x: 117, y: 13, fg: Yellow, bg: Reset, underline: Reset, modifier: NONE,
            x: 118, y: 13, fg: Reset, bg: Reset, underline: Reset, modifier: NONE,
            x: 2, y: 14, fg: White, bg: Reset, underline: Reset, modifier: NONE,
            x: 3, y: 14, fg: Reset, bg: Reset, underline: Reset, modifier: NONE,
            x: 36, y: 14, fg: White, bg: Reset, underline: Reset, modifier: NONE,
            x: 37, y: 14, fg: Yellow, bg: Reset, underline: Reset, modifier: NONE,
            x: 38, y: 14, fg: Reset, bg: Reset, underline: Reset, modifier: NONE,
            x: 117, y: 14, fg: Yellow, bg: Reset, underline: Reset, modifier: NONE,
            x: 118, y: 14, fg: Reset, bg: Reset, underline: Reset, modifier: NONE,
            x: 2, y: 15, fg: White, bg: Reset, underline: Reset, modifier: NONE,
            x: 3, y: 15, fg: Reset, bg: Reset, underline: Reset, modifier: NONE,
            x: 36, y: 15, fg: White, bg: Reset, underline: Reset, modifier: NONE,
            x: 37, y: 15, fg: Yellow, bg: Reset, underline: Reset, modifier: NONE,
            x: 38, y: 15, fg: Reset, bg: Reset, underline: Reset, modifier: NONE,
            x: 117, y: 15, fg: Yellow, bg: Reset, underline: Reset, modifier: NONE,
            x: 118, y: 15, fg: Reset, bg: Reset, underline: Reset, modifier: NONE,
            x: 2, y: 16, fg: White, bg: Reset, underline: Reset, modifier: NONE,
            x: 3, y: 16, fg: Reset, bg: Reset, underline: Reset, modifier: NONE,
            x: 36, y: 16, fg: White, bg: Reset, underline: Reset, modifier: NONE,
            x: 37, y: 16, fg: Yellow, bg: Reset, underline: Reset, modifier: NONE,
            x: 38, y: 16, fg: Reset, bg: Reset, underline: Reset, modifier: NONE,
            x: 117, y: 16, fg: Yellow, bg: Reset, underline: Reset, modifier: NONE,
            x: 118, y: 16, fg: Reset, bg: Reset, underline: Reset, modifier: NONE,
            x: 2, y: 17, fg: White, bg: Reset, underline: Reset, modifier: NONE,
            x: 3, y: 17, fg: Reset, bg: Reset, underline: Reset, modifier: NONE,
            x: 36, y: 17, fg: White, bg: Reset, underline: Reset, modifier: NONE,
            x: 37, y: 17, fg: Yellow, bg: Reset, underline: Reset, modifier: NONE,
            x: 38, y: 17, fg: Reset, bg: Reset, underline: Reset, modifier: NONE,
            x: 117, y: 17, fg: Yellow, bg: Reset, underline: Reset, modifier: NONE,
            x: 118, y: 17, fg: Reset, bg: Reset, underline: Reset, modifier: NONE,
            x: 2, y: 18, fg: White, bg: Reset, underline: Reset, modifier: NONE,
            x: 3, y: 18, fg: Reset, bg: Reset, underline: Reset, modifier: NONE,
            x: 36, y: 18, fg: White, bg: Reset, underline: Reset, modifier: NONE,
            x: 37, y: 18, fg: Yellow, bg: Reset, underline: Reset, modifier: NONE,
            x: 38, y: 18, fg: Reset, bg: Reset, underline: Reset, modifier: NONE,
            x: 117, y: 18, fg: Yellow, bg: Reset, underline: Reset, modifier: NONE,
            x: 118, y: 18, fg: Reset, bg: Reset, underline: Reset, modifier: NONE,
            x: 2, y: 19, fg: White, bg: Reset, underline: Reset, modifier: NONE,
            x: 3, y: 19, fg: Reset, bg: Reset, underline: Reset, modifier: NONE,
            x: 36, y: 19, fg: White, bg: Reset, underline: Reset, modifier: NONE,
            x: 37, y: 19, fg: Yellow, bg: Reset, underline: Reset, modifier: NONE,
            x: 38, y: 19, fg: Reset, bg: Reset, underline: Reset, modifier: NONE,
            x: 117, y: 19, fg: Yellow, bg: Reset, underline: Reset, modifier: NONE,
            x: 118, y: 19, fg: Reset, bg: Reset, underline: Reset, modifier: NONE,
            x: 2, y: 20, fg: White, bg: Reset, underline: Reset, modifier: NONE,
            x: 3, y: 20, fg: Reset, bg: Reset, underline: Reset, modifier: NONE,
            x: 36, y: 20, fg: White, bg: Reset, underline: Reset, modifier: NONE,
            x: 37, y: 20, fg: Yellow, bg: Reset, underline: Reset, modifier: NONE,
            x: 38, y: 20, fg: Reset, bg: Reset, underline: Reset, modifier: NONE,
            x: 117, y: 20, fg: Yellow, bg: Reset, underline: Reset, modifier: NONE,
            x: 118, y: 20, fg: Reset, bg: Reset, underline: Reset, modifier: NONE,
            x: 2, y: 21, fg: White, bg: Reset, underline: Reset, modifier: NONE,
            x: 3, y: 21, fg: Reset, bg: Reset, underline: Reset, modifier: NONE,
            x: 36, y: 21, fg: White, bg: Reset, underline: Reset, modifier: NONE,
            x: 37, y: 21, fg: Yellow, bg: Reset, underline: Reset, modifier: NONE,
            x: 38, y: 21, fg: Reset, bg: Reset, underline: Reset, modifier: NONE,
            x: 117, y: 21, fg: Yellow, bg: Reset, underline: Reset, modifier: NONE,
            x: 118, y: 21, fg: Reset, bg: Reset, underline: Reset, modifier: NONE,
            x: 2, y: 22, fg: White, bg: Reset, underline: Reset, modifier: NONE,
            x: 3, y: 22, fg: Reset, bg: Reset, underline: Reset, modifier: NONE,
            x: 36, y: 22, fg: White, bg: Reset, underline: Reset, modifier: NONE,
            x: 37, y: 22, fg: Yellow, bg: Reset, underline: Reset, modifier: NONE,
            x: 38, y: 22, fg: Reset, bg: Reset, underline: Reset, modifier: NONE,
            x: 117, y: 22, fg: Yellow, bg: Reset, underline: Reset, modifier: NONE,
            x: 118, y: 22, fg: Reset, bg: Reset, underline: Reset, modifier: NONE,
            x: 2, y: 23, fg: White, bg: Reset, underline: Reset, modifier: NONE,
            x: 3, y: 23, fg: Reset, bg: Reset, underline: Reset, modifier: NONE,
            x: 36, y: 23, fg: White, bg: Reset, underline: Reset, modifier: NONE,
            x: 37, y: 23, fg: Yellow, bg: Reset, underline: Reset, modifier: NONE,
            x: 38, y: 23, fg: Reset, bg: Reset, underline: Reset, modifier: NONE,
            x: 117, y: 23, fg: Yellow, bg: Reset, underline: Reset, modifier: NONE,
            x: 118, y: 23, fg: Reset, bg: Reset, underline: Reset, modifier: NONE,
            x: 2, y: 24, fg: White, bg: Reset, underline: Reset, modifier: NONE,
            x: 3, y: 24, fg: Reset, bg: Reset, underline: Reset, modifier: NONE,
            x: 36, y: 24, fg: White, bg: Reset, underline: Reset, modifier: NONE,
            x: 37, y: 24, fg: Yellow, bg: Reset, underline: Reset, modifier: NONE,
            x: 38, y: 24, fg: Reset, bg: Reset, underline: Reset, modifier: NONE,
            x: 117, y: 24, fg: Yellow, bg: Reset, underline: Reset, modifier: NONE,
            x: 118, y: 24, fg: Reset, bg: Reset, underline: Reset, modifier: NONE,
            x: 2, y: 25, fg: White, bg: Reset, underline: Reset, modifier: NONE,
            x: 3, y: 25, fg: Reset, bg: Reset, underline: Reset, modifier: NONE,
            x: 36, y: 25, fg: White, bg: Reset, underline: Reset, modifier: NONE,
            x: 37, y: 25, fg: Yellow, bg: Reset, underline: Reset, modifier: NONE,
            x: 38, y: 25, fg: Reset, bg: Reset, underline: Reset, modifier: NONE,
            x: 117, y: 25, fg: Yellow, bg: Reset, underline: Reset, modifier: NONE,
            x: 118, y: 25, fg: Reset, bg: Reset, underline: Reset, modifier: NONE,
            x: 2, y: 26, fg: White, bg: Reset, underline: Reset, modifier: NONE,
            x: 3, y: 26, fg: Reset, bg: Reset, underline: Reset, modifier: NONE,
            x: 36, y: 26, fg: White, bg: Reset, underline: Reset, modifier: NONE,
            x: 37, y: 26, fg: Yellow, bg: Reset, underline: Reset, modifier: NONE,
            x: 38, y: 26, fg: Reset, bg: Reset, underline: Reset, modifier: NONE,
            x: 117, y: 26, fg: Yellow, bg: Reset, underline: Reset, modifier: NONE,
            x: 118, y: 26, fg: Reset, bg: Reset, underline: Reset, modifier: NONE,
            x: 2, y: 27, fg: White, bg: Reset, underline: Reset, modifier: NONE,
            x: 3, y: 27, fg: Reset, bg: Reset, underline: Reset, modifier: NONE,
            x: 36, y: 27, fg: White, bg: Reset, underline: Reset, modifier: NONE,
            x: 37, y: 27, fg: Yellow, bg: Reset, underline: Reset, modifier: NONE,
            x: 38, y: 27, fg: Reset, bg: Reset, underline: Reset, modifier: NONE,
            x: 117, y: 27, fg: Yellow, bg: Reset, underline: Reset, modifier: NONE,
            x: 118, y: 27, fg: Reset, bg: Reset, underline: Reset, modifier: NONE,
            x: 2, y: 28, fg: White, bg: Reset, underline: Reset, modifier: NONE,
            x: 3, y: 28, fg: Reset, bg: Reset, underline: Reset, modifier: NONE,
            x: 36, y: 28, fg: White, bg: Reset, underline: Reset, modifier: NONE,
            x: 37, y: 28, fg: Yellow, bg: Reset, underline: Reset, modifier: NONE,
            x: 118, y: 28, fg: Reset, bg: Reset, underline: Reset, modifier: NONE,
            x: 2, y: 29, fg: White, bg: Reset, underline: Reset, modifier: NONE,
            x: 3, y: 29, fg: Reset, bg: Reset, underline: Reset, modifier: NONE,
            x: 36, y: 29, fg: White, bg: Reset, underline: Reset, modifier: NONE,
            x: 37, y: 29, fg: Reset, bg: Reset, underline: Reset, modifier: NONE,
            x: 2, y: 30, fg: White, bg: Reset, underline: Reset, modifier: NONE,
            x: 3, y: 30, fg: Reset, bg: Reset, underline: Reset, modifier: NONE,
            x: 36, y: 30, fg: White, bg: Reset, underline: Reset, modifier: NONE,
            x: 37, y: 30, fg: Reset, bg: Reset, underline: Reset, modifier: NONE,
            x: 2, y: 31, fg: White, bg: Reset, underline: Reset, modifier: NONE,
            x: 3, y: 31, fg: Reset, bg: Reset, underline: Reset, modifier: NONE,
            x: 36, y: 31, fg: White, bg: Reset, underline: Reset, modifier: NONE,
            x: 37, y: 31, fg: Reset, bg: Reset, underline: Reset, modifier: NONE,
            x: 2, y: 32, fg: White, bg: Reset, underline: Reset, modifier: NONE,
            x: 3, y: 32, fg: Reset, bg: Reset, underline: Reset, modifier: NONE,
            x: 36, y: 32, fg: White, bg: Reset, underline: Reset, modifier: NONE,
            x: 37, y: 32, fg: Reset, bg: Reset, underline: Reset, modifier: NONE,
            x: 2, y: 33, fg: White, bg: Reset, underline: Reset, modifier: NONE,
            x: 3, y: 33, fg: Reset, bg: Reset, underline: Reset, modifier: NONE,
            x: 36, y: 33, fg: White, bg: Reset, underline: Reset, modifier: NONE,
            x: 37, y: 33, fg: Reset, bg: Reset, underline: Reset, modifier: NONE,
            x: 2, y: 34, fg: White, bg: Reset, underline: Reset, modifier: NONE,
            x: 3, y: 34, fg: Reset, bg: Reset, underline: Reset, modifier: NONE,
            x: 36, y: 34, fg: White, bg: Reset, underline: Reset, modifier: NONE,
            x: 37, y: 34, fg: Reset, bg: Reset, underline: Reset, modifier: NONE,
            x: 2, y: 35, fg: White, bg: Reset, underline: Reset, modifier: NONE,
            x: 3, y: 35, fg: Reset, bg: Reset, underline: Reset, modifier: NONE,
            x: 36, y: 35, fg: White, bg: Reset, underline: Reset, modifier: NONE,
            x: 37, y: 35, fg: Reset, bg: Reset, underline: Reset, modifier: NONE,
            x: 2, y: 36, fg: White, bg: Reset, underline: Reset, modifier: NONE,
            x: 3, y: 36, fg: Reset, bg: Reset, underline: Reset, modifier: NONE,
            x: 36, y: 36, fg: White, bg: Reset, underline: Reset, modifier: NONE,
            x: 37, y: 36, fg: Reset, bg: Reset, underline: Reset, modifier: NONE,
            x: 2, y: 37, fg: White, bg: Reset, underline: Reset, modifier: NONE,
            x: 3, y: 37, fg: Reset, bg: Reset, underline: Reset, modifier: NONE,
            x: 36, y: 37, fg: White, bg: Reset, underline: Reset, modifier: NONE,
            x: 37, y: 37, fg: Reset, bg: Reset, underline: Reset, modifier: NONE,
            x: 2, y: 38, fg: White, bg: Reset, underline: Reset, modifier: NONE,
            x: 3, y: 38, fg: Reset, bg: Reset, underline: Reset, modifier: NONE,
            x: 36, y: 38, fg: White, bg: Reset, underline: Reset, modifier: NONE,
            x: 37, y: 38, fg: Reset, bg: Reset, underline: Reset, modifier: NONE,
            x: 2, y: 39, fg: White, bg: Reset, underline: Reset, modifier: NONE,
            x: 3, y: 39, fg: Reset, bg: Reset, underline: Reset, modifier: NONE,
            x: 36, y: 39, fg: White, bg: Reset, underline: Reset, modifier: NONE,
            x: 37, y: 39, fg: Reset, bg: Reset, underline: Reset, modifier: NONE,
            x: 2, y: 40, fg: White, bg: Reset, underline: Reset, modifier: NONE,
            x: 3, y: 40, fg: Reset, bg: Reset, underline: Reset, modifier: NONE,
            x: 36, y: 40, fg: White, bg: Reset, underline: Reset, modifier: NONE,
            x: 37, y: 40, fg: Reset, bg: Reset, underline: Reset, modifier: NONE,
            x: 2, y: 41, fg: White, bg: Reset, underline: Reset, modifier: NONE,
            x: 3, y: 41, fg: Reset, bg: Reset, underline: Reset, modifier: NONE,
            x: 36, y: 41, fg: White, bg: Reset, underline: Reset, modifier: NONE,
            x: 37, y: 41, fg: Reset, bg: Reset, underline: Reset, modifier: NONE,
            x: 2, y: 42, fg: White, bg: Reset, underline: Reset, modifier: NONE,
            x: 3, y: 42, fg: Reset, bg: Reset, underline: Reset, modifier: NONE,
            x: 36, y: 42, fg: White, bg: Reset, underline: Reset, modifier: NONE,
            x: 37, y: 42, fg: Reset, bg: Reset, underline: Reset, modifier: NONE,
            x: 2, y: 43, fg: White, bg: Reset, underline: Reset, modifier: NONE,
            x: 3, y: 43, fg: Reset, bg: Reset, underline: Reset, modifier: NONE,
            x: 36, y: 43, fg: White, bg: Reset, underline: Reset, modifier: NONE,
            x: 37, y: 43, fg: Reset, bg: Reset, underline: Reset, modifier: NONE,
            x: 2, y: 44, fg: White, bg: Reset, underline: Reset, modifier: NONE,
            x: 3, y: 44, fg: Reset, bg: Reset, underline: Reset, modifier: NONE,
            x: 36, y: 44, fg: White, bg: Reset, underline: Reset, modifier: NONE,
            x: 37, y: 44, fg: Reset, bg: Reset, underline: Reset, modifier: NONE,
            x: 2, y: 45, fg: White, bg: Reset, underline: Reset, modifier: NONE,
            x: 3, y: 45, fg: Reset, bg: Reset, underline: Reset, modifier: NONE,
            x: 36, y: 45, fg: White, bg: Reset, underline: Reset, modifier: NONE,
            x: 37, y: 45, fg: Reset, bg: Reset, underline: Reset, modifier: NONE,
            x: 2, y: 46, fg: White, bg: Reset, underline: Reset, modifier: NONE,
            x: 3, y: 46, fg: Reset, bg: Reset, underline: Reset, modifier: NONE,
            x: 36, y: 46, fg: White, bg: Reset, underline: Reset, modifier: NONE,
            x: 37, y: 46, fg: Reset, bg: Reset, underline: Reset, modifier: NONE,
            x: 2, y: 47, fg: White, bg: Reset, underline: Reset, modifier: NONE,
            x: 3, y: 47, fg: Reset, bg: Reset, underline: Reset, modifier: NONE,
            x: 36, y: 47, fg: White, bg: Reset, underline: Reset, modifier: NONE,
            x: 37, y: 47, fg: Reset, bg: Reset, underline: Reset, modifier: NONE,
            x: 2, y: 48, fg: White, bg: Reset, underline: Reset, modifier: NONE,
            x: 3, y: 48, fg: Reset, bg: Reset, underline: Reset, modifier: NONE,
            x: 36, y: 48, fg: White, bg: Reset, underline: Reset, modifier: NONE,
            x: 37, y: 48, fg: Reset, bg: Reset, underline: Reset, modifier: NONE,
            x: 2, y: 49, fg: White, bg: Reset, underline: Reset, modifier: NONE,
            x: 3, y: 49, fg: Reset, bg: Reset, underline: Reset, modifier: NONE,
            x: 36, y: 49, fg: White, bg: Reset, underline: Reset, modifier: NONE,
            x: 37, y: 49, fg: Reset, bg: Reset, underline: Reset, modifier: NONE,
            x: 2, y: 50, fg: White, bg: Reset, underline: Reset, modifier: NONE,
            x: 3, y: 50, fg: Reset, bg: Reset, underline: Reset, modifier: NONE,
            x: 36, y: 50, fg: White, bg: Reset, underline: Reset, modifier: NONE,
            x: 37, y: 50, fg: Reset, bg: Reset, underline: Reset, modifier: NONE,
            x: 2, y: 51, fg: White, bg: Reset, underline: Reset, modifier: NONE,
            x: 3, y: 51, fg: Reset, bg: Reset, underline: Reset, modifier: NONE,
            x: 36, y: 51, fg: White, bg: Reset, underline: Reset, modifier: NONE,
            x: 37, y: 51, fg: Reset, bg: Reset, underline: Reset, modifier: NONE,
            x: 2, y: 52, fg: White, bg: Reset, underline: Reset, modifier: NONE,
            x: 3, y: 52, fg: Reset, bg: Reset, underline: Reset, modifier: NONE,
            x: 36, y: 52, fg: White, bg: Reset, underline: Reset, modifier: NONE,
            x: 37, y: 52, fg: Reset, bg: Reset, underline: Reset, modifier: NONE,
            x: 2, y: 53, fg: White, bg: Reset, underline: Reset, modifier: NONE,
            x: 3, y: 53, fg: Reset, bg: Reset, underline: Reset, modifier: NONE,
            x: 36, y: 53, fg: White, bg: Reset, underline: Reset, modifier: NONE,
            x: 37, y: 53, fg: Reset, bg: Reset, underline: Reset, modifier: NONE,
            x: 2, y: 54, fg: White, bg: Reset, underline: Reset, modifier: NONE,
            x: 37, y: 54, fg: Reset, bg: Reset, underline: Reset, modifier: NONE,
            x: 2, y: 55, fg: White, bg: Reset, underline: Reset, modifier: NONE,
            x: 118, y: 55, fg: Reset, bg: Reset, underline: Reset, modifier: NONE,
            x: 2, y: 56, fg: White, bg: Reset, underline: Reset, modifier: NONE,
            x: 118, y: 56, fg: Reset, bg: Reset, underline: Reset, modifier: NONE,
            x: 2, y: 57, fg: White, bg: Reset, underline: Reset, modifier: NONE,
            x: 118, y: 57, fg: Reset, bg: Reset, underline: Reset, modifier: NONE,
        ]
    },
    scrollback: Buffer {
        area: Rect { x: 0, y: 0, width: 120, height: 0 }
    },
    cursor: false,
    pos: (
        0,
        0,
    ),
}
